apiVersion: gkehub.cnrm.cloud.google.com/v1beta1
kind: GKEHubFeatureMembership
metadata:
  annotations:
    cnrm.cloud.google.com/management-conflict-prevention-policy: none
    cnrm.cloud.google.com/state-into-spec: merge
  finalizers:
  - cnrm.cloud.google.com/finalizer
  - cnrm.cloud.google.com/deletion-defender
  generation: 3
  labels:
    cnrm-test: "true"
  name: gkehubfeaturemembership-mesh-${uniqueId}
  namespace: ${uniqueId}
spec:
  featureRef:
    name: gkehubfeature-mesh-${uniqueId}
  location: global
  membershipLocation: global
  membershipRef:
    name: gkehubmembership-mesh-${uniqueId}
  mesh:
    controlPlane: CONTROL_PLANE_MANAGEMENT_UNSPECIFIED
    management: MANAGEMENT_AUTOMATIC
  projectRef:
    name: gkehubfm-${uniqueId}
status:
  conditions:
  - lastTransitionTime: "1970-01-01T00:00:00Z"
    message: The resource is up to date
    reason: UpToDate
    status: "True"
    type: Ready
  observedGeneration: 3
