kmsKeyRef:
  external: string
  name: string
  namespace: string
messageRetentionDuration: string
messageStoragePolicy:
  allowedPersistenceRegions:
  - string
resourceID: string
schemaSettings:
  encoding: string
  schemaRef:
    external: string
    name: string
    namespace: string
