conditions:
- lastTransitionTime: string
  message: string
  reason: string
  status: string
  type: string
observedGeneration: integer
state: string
