apiVersion: compute.cnrm.cloud.google.com/v1beta1
kind: ComputeAddress
metadata:
  annotations:
    cnrm.cloud.google.com/management-conflict-prevention-policy: none
    cnrm.cloud.google.com/project-id: ${projectId}
    cnrm.cloud.google.com/state-into-spec: merge
  finalizers:
  - cnrm.cloud.google.com/finalizer
  - cnrm.cloud.google.com/deletion-defender
  generation: 2
  labels:
    cnrm-test: "true"
  name: computeaddress-${uniqueId}
  namespace: ${uniqueId}
spec:
  address: 8.8.8.8
  addressType: INTERNAL
  description: a test global address
  ipVersion: IPV4
  location: global
  networkRef:
    name: default
  prefixLength: 16
  purpose: VPC_PEERING
  resourceID: computeaddress-${uniqueId}
status:
  conditions:
  - lastTransitionTime: "1970-01-01T00:00:00Z"
    message: The resource is up to date
    reason: UpToDate
    status: "True"
    type: Ready
  creationTimestamp: "1970-01-01T00:00:00Z"
  observedGeneration: 2
  observedState:
    address: 8.8.8.8
  selfLink: https://compute.googleapis.com/compute/v1/projects/${projectId}/global/networks/computeaddress-${uniqueId}
