apiVersion: gkehub.cnrm.cloud.google.com/v1beta1
kind: GKEHubFeatureMembership
metadata:
  annotations:
    cnrm.cloud.google.com/management-conflict-prevention-policy: none
    cnrm.cloud.google.com/state-into-spec: merge
  finalizers:
  - cnrm.cloud.google.com/finalizer
  - cnrm.cloud.google.com/deletion-defender
  generation: 3
  labels:
    cnrm-test: "true"
  name: gkehubfeaturemembership-${uniqueId}
  namespace: ${uniqueId}
spec:
  configmanagement:
    configSync:
      git:
        gcpServiceAccountRef:
          external: ""
        httpsProxy: ""
        policyDir: config-connector
        secretType: none
        syncBranch: master
        syncRepo: https://github.com/GoogleCloudPlatform/cloud-foundation-toolkit
        syncRev: HEAD
        syncWaitSecs: "20"
      sourceFormat: unstructured
    hierarchyController:
      enableHierarchicalResourceQuota: true
      enablePodTreeLabels: true
      enabled: true
    version: ""
  featureRef:
    name: gkehubfeature-${uniqueId}
  location: global
  membershipRef:
    name: gkehubmembership-${uniqueId}
  projectRef:
    name: gkehubfm-${uniqueId}
status:
  conditions:
  - lastTransitionTime: "1970-01-01T00:00:00Z"
    message: The resource is up to date
    reason: UpToDate
    status: "True"
    type: Ready
  observedGeneration: 3
