apiVersion: iam.cnrm.cloud.google.com/v1beta1
kind: IAMPolicyMember
metadata:
  annotations:
    cnrm.cloud.google.com/state-into-spec: merge
  finalizers:
  - cnrm.cloud.google.com/finalizer
  - cnrm.cloud.google.com/deletion-defender
  generation: 1
  labels:
    cnrm-test: "true"
  name: iamexternalonlyref-${uniqueId}
  namespace: ${uniqueId}
spec:
  member: serviceAccount:extonly-${uniqueId}@${projectId}.iam.gserviceaccount.com
  resourceRef:
    apiVersion: resourcemanager.cnrm.cloud.google.com/v1beta1
    external: "123450001"
    kind: Organization
  role: roles/pubsub.admin
status:
  conditions:
  - lastTransitionTime: "1970-01-01T00:00:00Z"
    message: The resource is up to date
    reason: UpToDate
    status: "True"
    type: Ready
  observedGeneration: 1
