apiVersion: compute.cnrm.cloud.google.com/v1beta1
kind: ComputeDisk
metadata:
  annotations:
    cnrm.cloud.google.com/management-conflict-prevention-policy: none
    cnrm.cloud.google.com/observed-secret-versions: (removed)
    cnrm.cloud.google.com/state-into-spec: merge
  finalizers:
  - cnrm.cloud.google.com/finalizer
  - cnrm.cloud.google.com/deletion-defender
  generation: 2
  labels:
    cnrm-test: "true"
    label-one: value-one
  name: computedisk-${uniqueId}
  namespace: ${uniqueId}
spec:
  description: a sample regional disk
  location: us-central1
  physicalBlockSizeBytes: 4096
  projectRef:
    external: ${projectId}
  replicaZones:
  - projects/${projectId}/global/zones/us-central1-a
  - projects/${projectId}/global/zones/us-central1-f
  resourceID: computedisk-${uniqueId}
  type: pd-standard
status:
  conditions:
  - lastTransitionTime: "1970-01-01T00:00:00Z"
    message: The resource is up to date
    reason: UpToDate
    status: "True"
    type: Ready
  creationTimestamp: "1970-01-01T00:00:00Z"
  observedGeneration: 2
  selfLink: https://compute.googleapis.com/compute/v1/projects/${projectId}/regions/us-central1/disks/computedisk-${uniqueId}
