# Copyright 2024 Google LLC
#
# Licensed under the Apache License, Version 2.0 (the "License");
# you may not use this file except in compliance with the License.
# You may obtain a copy of the License at
#
#      http://www.apache.org/licenses/LICENSE-2.0
#
# Unless required by applicable law or agreed to in writing, software
# distributed under the License is distributed on an "AS IS" BASIS,
# WITHOUT WARRANTIES OR CONDITIONS OF ANY KIND, either express or implied.
# See the License for the specific language governing permissions and
# limitations under the License.

apiVersion: monitoring.cnrm.cloud.google.com/v1beta1
kind: MonitoringDashboard
metadata:
  annotations:
    cnrm.cloud.google.com/management-conflict-prevention-policy: none
    cnrm.cloud.google.com/state-into-spec: merge
  finalizers:
  - cnrm.cloud.google.com/finalizer
  - cnrm.cloud.google.com/deletion-defender
  generation: 3
  labels:
    cnrm-test: "true"
  name: monitoringdashboard-${uniqueId}
  namespace: ${uniqueId}
spec:
  columnLayout:
    columns:
    - weight: 2
      widgets:
      - title: Widget 1
        xyChart:
          dataSets:
          - plotType: LINE
            timeSeriesQuery:
              timeSeriesFilter:
                aggregation:
                  perSeriesAligner: ALIGN_RATE
                filter: metric.type="agent.googleapis.com/nginx/connections/accepted_count"
              unitOverride: "1"
          timeshiftDuration: 0s
          yAxis:
            label: y1Axis
            scale: LINEAR
      - text:
          content: Widget 2
          format: MARKDOWN
      - title: Widget 3
        xyChart:
          dataSets:
          - plotType: STACKED_BAR
            timeSeriesQuery:
              timeSeriesFilter:
                aggregation:
                  perSeriesAligner: ALIGN_RATE
                filter: metric.type="agent.googleapis.com/nginx/connections/accepted_count"
              unitOverride: "1"
          timeshiftDuration: 0s
          yAxis:
            label: y1Axis
            scale: LINEAR
      - logsPanel:
          filter: metric.type="agent.googleapis.com/nginx/connections/accepted_count"
          resourceNames: []
        title: Widget 4
  displayName: monitoringdashboard-${uniqueId}
  projectRef:
    external: ${projectId}
  resourceID: monitoringdashboard-${uniqueId}
status:
  conditions:
  - lastTransitionTime: "1970-01-01T00:00:00Z"
    message: The resource is up to date
    reason: UpToDate
    status: "True"
    type: Ready
  etag: abcdef123456
  observedGeneration: 3
