apiVersion: compute.cnrm.cloud.google.com/v1beta1
kind: ComputeFirewallPolicyRule
metadata:
  annotations:
    cnrm.cloud.google.com/management-conflict-prevention-policy: none
    cnrm.cloud.google.com/state-into-spec: absent
  finalizers:
  - cnrm.cloud.google.com/finalizer
  - cnrm.cloud.google.com/deletion-defender
  generation: 1
  labels:
    cnrm-test: "true"
  name: firewallpolicyrule-${uniqueId}
  namespace: ${uniqueId}
spec:
  action: deny
  direction: INGRESS
  firewallPolicyRef:
    name: firewallpolicy-${uniqueId}
  match:
    destIPRanges:
    - 10.100.0.1/32
    layer4Configs:
    - ipProtocol: tcp
      ports:
      - "8080"
    srcAddressGroups:
    - organizations/${organizationID}/locations/global/addressGroups/testnetworksecurityaddressgroup
    srcFqdns:
    - www.google.com
    srcIPRanges:
    - 11.100.0.1/32
    srcRegionCodes:
    - US
    srcThreatIntelligences:
    - iplist-known-malicious-ips
  priority: 9000
  targetResources:
  - name: network-${uniqueId}
  targetServiceAccounts:
  - name: sa-${uniqueId}
status:
  conditions:
  - lastTransitionTime: "1970-01-01T00:00:00Z"
    message: The resource is up to date
    reason: UpToDate
    status: "True"
    type: Ready
  kind: compute#firewallPolicyRule
  observedGeneration: 1
  ruleTupleCount: 4
