apiVersion: bigqueryconnection.cnrm.cloud.google.com/v1alpha1
kind: BigQueryConnectionConnection
metadata:
  annotations:
    cnrm.cloud.google.com/management-conflict-prevention-policy: none
  finalizers:
  - cnrm.cloud.google.com/finalizer
  - cnrm.cloud.google.com/deletion-defender
  generation: 1
  labels:
    cnrm-test: "true"
  name: bigqueryconnectionconnection-${uniqueId}
  namespace: ${uniqueId}
spec:
  cloudSql:
    credential:
      password: cGFzc3dvcmQ=
      username: sqluser-${uniqueId}
    database: sqldatabase-sample-${uniqueId}
    instanceRef:
      name: sqlinstance-sample-${uniqueId}
    type: MYSQL
  location: us-central1
  projectRef:
    external: ${projectId}
status:
  conditions:
  - lastTransitionTime: "1970-01-01T00:00:00Z"
    message: The resource is up to date
    reason: UpToDate
    status: "True"
    type: Ready
  externalRef: projects/${projectNumber}/locations/us-central1/connections/31bf2e7e-e464-4d4e-a8e6-0dfd83753850
  observedGeneration: 1
  observedState:
    cloudSql:
      serviceAccountID: service-${projectNumber}@gcp-sa-bigqueryconnection.iam.gserviceaccount.com
    hasCredential: true
