apiVersion: edgenetwork.cnrm.cloud.google.com/v1beta1
kind: EdgeNetworkNetwork
metadata:
  annotations:
    cnrm.cloud.google.com/management-conflict-prevention-policy: none
    cnrm.cloud.google.com/state-into-spec: merge
  finalizers:
  - cnrm.cloud.google.com/finalizer
  - cnrm.cloud.google.com/deletion-defender
  generation: 2
  labels:
    cnrm-test: "true"
    label-one: value-one
  name: edgenetworknetwork-${uniqueId}
  namespace: ${uniqueId}
spec:
  description: Basic Network
  location: us-central1
  mtu: 9000
  projectRef:
    external: ${projectId}
  resourceID: edgenetworknetwork-${uniqueId}
  zone: us-central1-test-zone
status:
  conditions:
  - lastTransitionTime: "1970-01-01T00:00:00Z"
    message: The resource is up to date
    reason: UpToDate
    status: "True"
    type: Ready
  name: projects/${projectId}/locations/us-central1/zones/us-central1-test-zone/networks/edgenetworknetwork-${uniqueId}
  observedGeneration: 2
