apiVersion: edgecontainer.cnrm.cloud.google.com/v1beta1
kind: EdgeContainerNodePool
metadata:
  annotations:
    cnrm.cloud.google.com/management-conflict-prevention-policy: none
    cnrm.cloud.google.com/state-into-spec: merge
  finalizers:
  - cnrm.cloud.google.com/finalizer
  - cnrm.cloud.google.com/deletion-defender
  generation: 2
  labels:
    cnrm-test: "true"
    label-one: value-one
  name: edgecontainernodepools-${uniqueId}
  namespace: ${uniqueId}
spec:
  clusterRef:
    name: edgecontainercluster-${uniqueId}
  location: us-central1
  nodeCount: 1
  nodeLocation: edge-site-node-123
  projectRef:
    external: ${projectId}
  resourceID: edgecontainernodepools-${uniqueId}
status:
  conditions:
  - lastTransitionTime: "1970-01-01T00:00:00Z"
    message: The resource is up to date
    reason: UpToDate
    status: "True"
    type: Ready
  observedGeneration: 2
