apiVersion: monitoring.cnrm.cloud.google.com/v1beta1
kind: MonitoringDashboard
metadata:
  annotations:
    cnrm.cloud.google.com/management-conflict-prevention-policy: none
  finalizers:
  - cnrm.cloud.google.com/finalizer
  - cnrm.cloud.google.com/deletion-defender
  generation: 2
  labels:
    cnrm-test: "true"
  name: monitoringdashboardmosaiclayout-${uniqueId}
  namespace: ${uniqueId}
spec:
  displayName: monitoringdashboard-mosaiclayout
  mosaicLayout:
    columns: 12
    tiles:
    - height: 1
      widget:
        id: singleViewGroupWidget1
        singleViewGroup: {}
        title: SingleViewGroup Widget
      width: 12
      xPos: 0
      yPos: 0
  projectRef:
    external: ${projectId}
  resourceID: monitoringdashboardmosaiclayout-${uniqueId}
status:
  conditions:
  - lastTransitionTime: "1970-01-01T00:00:00Z"
    message: The resource is up to date
    reason: UpToDate
    status: "True"
    type: Ready
  etag: abcdef123456
  observedGeneration: 2
