apiVersion: monitoring.cnrm.cloud.google.com/v1beta1
kind: MonitoringDashboard
metadata:
  name: monitoringdashboardmosaiclayout-${uniqueId}
spec:
  displayName: monitoringdashboard-mosaiclayout
  mosaicLayout:
    columns: 12
    tiles:
    - height: 1
      widget:
        id: singleViewGroupWidget1
        singleViewGroup: {}
        title: SingleViewGroup Widget
      width: 12
    - height: 1
      widget:
        sectionHeader:
          dividerBelow: true
          subtitle: Example SectionHeader
        title: SectionHeader Widget
      width: 12
      yPos: 1
  projectRef:
    external: ${projectId}