apiVersion: cloudbuild.cnrm.cloud.google.com/v1beta1
kind: CloudBuildWorkerPool
metadata:
  finalizers:
  - cnrm.cloud.google.com/finalizer
  - cnrm.cloud.google.com/deletion-defender
  generation: 2
  labels:
    cnrm-test: "true"
  name: cloudbuildworkerpool-${uniqueId}
  namespace: ${uniqueId}
spec:
  displayName: New CloudBuild WorkerPool
  location: us-central1
  privatePoolV1Config:
    networkConfig:
      egressOption: NO_PUBLIC_EGRESS
      peeredNetworkIpRange: /29
      peeredNetworkRef:
        external: projects/${projectId}/global/networks/computenetwork-${uniqueId}
    workerConfig:
      diskSizeGb: 150
      machineType: e2-medium
  projectRef:
    external: projects/${projectId}
status:
  conditions:
  - lastTransitionTime: "1970-01-01T00:00:00Z"
    message: The resource is up to date
    reason: UpToDate
    status: "True"
    type: Ready
  createTime: "1970-01-01T00:00:00Z"
  observedGeneration: 2
  observedState:
    networkConfig:
      egressOption: NO_PUBLIC_EGRESS
      peeredNetwork: projects/${projectId}/global/networks/computenetwork-${uniqueId}
      peeredNetworkIpRange: /29
    workerConfig:
      diskSizeGb: 100
      machineType: e2-medium
  updateTime: "1970-01-01T00:00:00Z"
