apiVersion: monitoring.cnrm.cloud.google.com/v1beta1
kind: MonitoringDashboard
metadata:
  name: monitoringdashboard-${uniqueId}
spec:
  columnLayout:
    columns:
    - weight: 2
      widgets:
      - id: singleViewGroupWidget1
        singleViewGroup: {}
        title: SingleViewGroup Widget
      - title: Widget 1
        xyChart:
          dataSets:
          - plotType: LINE
            timeSeriesQuery:
              timeSeriesFilter:
                aggregation:
                  perSeriesAligner: ALIGN_RATE
                filter: metric.type="agent.googleapis.com/nginx/connections/accepted_count"
              unitOverride: "1"
          timeshiftDuration: 600.5s
          yAxis:
            label: y1Axis
            scale: LINEAR
      - text:
          content: Widget 2
          format: MARKDOWN
          style:
            backgroundColor: '#000'
            fontSize: FS_LARGE
            horizontalAlignment: H_CENTER
            padding: P_MEDIUM
            pointerLocation: PL_TOP_LEFT
            textColor: '#fff'
            verticalAlignment: V_CENTER
      - id: widget3
        title: Widget 3
        xyChart:
          dataSets:
          - plotType: STACKED_BAR
            timeSeriesQuery:
              timeSeriesFilter:
                aggregation:
                  perSeriesAligner: ALIGN_RATE
                filter: metric.type="agent.googleapis.com/nginx/connections/accepted_count"
              unitOverride: "1"
          thresholds:
          - label: Important
            targetAxis: Y1
            value: 1.2
          yAxis:
            label: y1Axis
            scale: LINEAR
      - logsPanel:
          filter: metric.type="agent.googleapis.com/nginx/connections/accepted_count"
          resourceNames:
          - external: projects/${projectId}
            kind: Project
        title: Widget 4
      - sectionHeader:
          dividerBelow: true
          subtitle: Example SectionHeader
        title: SectionHeader Widget
      - collapsibleGroup:
          collapsed: true
        title: CollapsibleGroup Widget
      - scorecard:
          timeSeriesQuery:
            outputFullDuration: true
            prometheusQuery: sum(mysql_global_status_uptime{${Cluster},${Location},${Namespace}}
              / 60)
        title: Scorecard Widget
      - alertChart:
          alertPolicyRef:
            external: projects/${projectId}/alertPolicies/${alertPolicyID}
        title: AlertChart Widget
      - pieChart:
          chartType: DONUT
          dataSets:
          - minAlignmentPeriod: 60s
            sliceNameTemplate: ${resource.labels.zone}
            timeSeriesQuery:
              timeSeriesFilter:
                aggregation:
                  alignmentPeriod: "60"
                  perSeriesAligner: ALIGN_RATE
                filter: metric.type="compute.googleapis.com/instance/disk/read_bytes_count"
                  resource.type="gce_instance"
                secondaryAggregation:
                  alignmentPeriod: "60"
                  perSeriesAligner: ALIGN_MEAN
          showLabels: true
        title: PieChart Widget
      - errorReportingPanel:
          projectRefs:
          - external: projects/project1
          - external: projects/project2
          services:
          - foo
          - bar
          versions:
          - v1
          - v2
        title: ErrorReporting Widget
  displayName: monitoringdashboard-full
  projectRef:
    external: ${projectId}