apiVersion: bigquery.cnrm.cloud.google.com/v1beta1
kind: BigQueryRoutine
metadata:
  annotations:
    cnrm.cloud.google.com/management-conflict-prevention-policy: none
    cnrm.cloud.google.com/state-into-spec: absent
  finalizers:
  - cnrm.cloud.google.com/finalizer
  - cnrm.cloud.google.com/deletion-defender
  generation: 1
  labels:
    cnrm-test: "true"
  name: bigqueryroutine-${uniqueId}
  namespace: ${uniqueId}
spec:
  arguments:
  - argumentKind: FIXED_TYPE
    dataType: '{"typeKind":"STRING"}'
    name: ssn
  datasetRef:
    name: bigquerydataset${uniqueId}
  definitionBody: SAFE.REGEXP_REPLACE(ssn, '[0-9]', 'X')
  description: fully configured big query routine
  determinismLevel: DETERMINISM_LEVEL_UNSPECIFIED
  language: SQL
  projectRef:
    external: ${projectId}
  resourceID: bigqueryroutine${uniqueId}
  returnType: '{"typeKind":"STRING"}'
  routineType: SCALAR_FUNCTION
status:
  conditions:
  - lastTransitionTime: "1970-01-01T00:00:00Z"
    message: The resource is up to date
    reason: UpToDate
    status: "True"
    type: Ready
  creationTime: "1970-01-01T00:00:00Z"
  lastModifiedTime: "1970-01-01T00:00:00Z"
  observedGeneration: 1
