apiVersion: compute.cnrm.cloud.google.com/v1beta1
kind: ComputeTargetVPNGateway
metadata:
  annotations:
    cnrm.cloud.google.com/management-conflict-prevention-policy: none
    cnrm.cloud.google.com/project-id: ${projectId}
    cnrm.cloud.google.com/state-into-spec: merge
  finalizers:
  - cnrm.cloud.google.com/finalizer
  - cnrm.cloud.google.com/deletion-defender
  generation: 2
  labels:
    cnrm-test: "true"
  name: computevpngateway-${uniqueId}
  namespace: ${uniqueId}
spec:
  networkRef:
    name: default
  region: us-central1
  resourceID: computevpngateway-${uniqueId}
status:
  conditions:
  - lastTransitionTime: "1970-01-01T00:00:00Z"
    message: The resource is up to date
    reason: UpToDate
    status: "True"
    type: Ready
  creationTimestamp: "1970-01-01T00:00:00Z"
  gatewayId: "1.719337333063698e+18"
  observedGeneration: 2
  selfLink: https://compute.googleapis.com/compute/v1/projects/${projectId}/regions/us-central1/targetVpnGateways/computevpngateway-${uniqueId}
