apiVersion: kms.cnrm.cloud.google.com/v1alpha1
kind: KMSKeyHandle
metadata:
  finalizers:
  - cnrm.cloud.google.com/finalizer
  - cnrm.cloud.google.com/deletion-defender
  generation: 1
  labels:
    cnrm-test: "true"
  name: keyhandle-${uniqueId}
  namespace: ${uniqueId}
spec:
  location: us-central1
  projectRef:
    external: projects/autokey-resource
  resourceID: 5a4fa10e-995d-4ee0-a426-a220aa390320
  resourceTypeSelector: compute.googleapis.com/Disk
status:
  conditions:
  - lastTransitionTime: "1970-01-01T00:00:00Z"
    message: The resource is up to date
    reason: UpToDate
    status: "True"
    type: Ready
  externalRef: projects/autokey-resource/locations/us-central1/keyHandles/5a4fa10e-995d-4ee0-a426-a220aa390320
  observedGeneration: 1
  observedState:
    kmsKey: projects/${projectId}/locations/us-central1/keyRings/autokey/cryptoKeys/190012159962-compute-disk-b009b5dae13cd3c5
