apiVersion: sql.cnrm.cloud.google.com/v1beta1
kind: SQLInstance
metadata:
  annotations:
    cnrm.cloud.google.com/management-conflict-prevention-policy: none
    cnrm.cloud.google.com/mutable-but-unreadable-fields: '{"spec":{"rootPassword":{"valueFrom":{"secretKeyRef":{"key":"password","name":"secret-${uniqueId}"}}}}}'
    cnrm.cloud.google.com/observed-secret-versions: (removed)
    cnrm.cloud.google.com/project-id: ${projectId}
    cnrm.cloud.google.com/state-into-spec: absent
  finalizers:
  - cnrm.cloud.google.com/finalizer
  - cnrm.cloud.google.com/deletion-defender
  generation: 3
  labels:
    cnrm-test: "true"
  name: sqlserverbasic-${uniqueId}
  namespace: ${uniqueId}
spec:
  databaseVersion: SQLSERVER_2022_EXPRESS
  region: us-central1
  resourceID: sqlserverbasic-${uniqueId}
  rootPassword:
    valueFrom:
      secretKeyRef:
        key: password
        name: secret-${uniqueId}
  settings:
    locationPreference:
      zone: us-central1-a
    tier: db-custom-2-7680
status:
  conditions:
  - lastTransitionTime: "1970-01-01T00:00:00Z"
    message: The resource is up to date
    reason: UpToDate
    status: "True"
    type: Ready
  connectionName: ${projectId}:us-central1:sqlserverbasic-${uniqueId}
  firstIpAddress: 10.1.2.3
  instanceType: CLOUD_SQL_INSTANCE
  ipAddress: 10.1.2.3
  observedGeneration: 3
  publicIpAddress: 10.1.2.3
  selfLink: https://sqladmin.googleapis.com/sql/v1beta4/projects/${projectId}/instances/sqlserverbasic-${uniqueId}
  serverCaCert:
    cert: |
      -----BEGIN CERTIFICATE-----
      -----END CERTIFICATE-----
    commonName: common-name
    createTime: "1970-01-01T00:00:00Z"
    expirationTime: "1970-01-01T00:00:00Z"
    sha1Fingerprint: "12345678"
  serviceAccountEmailAddress: p${projectNumber}-abcdef@gcp-sa-cloud-sql.iam.gserviceaccount.com
