apiVersion: vertexai.cnrm.cloud.google.com/v1alpha1
kind: VertexAITensorboard
metadata:
  annotations:
    cnrm.cloud.google.com/management-conflict-prevention-policy: none
    cnrm.cloud.google.com/state-into-spec: merge
  finalizers:
  - cnrm.cloud.google.com/finalizer
  - cnrm.cloud.google.com/deletion-defender
  generation: 3
  labels:
    cnrm-test: "true"
  name: vertexaitensorboard${uniqueId}
  namespace: ${uniqueId}
spec:
  description: Dashboard version 2
  displayName: config-connector v2
  projectRef:
    external: ${projectId}
  region: us-central1
  resourceID: projects/${projectNumber}/locations/us-central1/tensorboards/1712185409009515056
status:
  blobStoragePathPrefix: cloud-ai-platform-f5cdc0d6-ff04-47ec-8206-cbe099c6aa0d
  conditions:
  - lastTransitionTime: "1970-01-01T00:00:00Z"
    message: The resource is up to date
    reason: UpToDate
    status: "True"
    type: Ready
  createTime: "1970-01-01T00:00:00Z"
  name: projects/${projectNumber}/locations/us-central1/tensorboards/1712185409009515056
  observedGeneration: 3
  updateTime: "1970-01-01T00:00:00Z"
