# Copyright 2022 Google LLC
#
# Licensed under the Apache License, Version 2.0 (the "License");
# you may not use this file except in compliance with the License.
# You may obtain a copy of the License at
#
#      http://www.apache.org/licenses/LICENSE-2.0
#
# Unless required by applicable law or agreed to in writing, software
# distributed under the License is distributed on an "AS IS" BASIS,
# WITHOUT WARRANTIES OR CONDITIONS OF ANY KIND, either express or implied.
# See the License for the specific language governing permissions and
# limitations under the License.

---
apiVersion: bigquery.cnrm.cloud.google.com/v1beta1
kind: BigQueryDataset
metadata:
  annotations:
    cnrm.cloud.google.com/delete-contents-on-destroy: "false"
  name: bigquerydatasetsamplec99k2khjhfu8dfrt53mr
spec:
  projectRef:
    external: cli-test-project
  testKey: this value verifies I was created by the mock client
---
apiVersion: bigquery.cnrm.cloud.google.com/v1beta1
kind: BigQueryDataset
metadata:
  annotations:
    cnrm.cloud.google.com/delete-contents-on-destroy: "false"
  name: bigquerydatasetivs17e1s13s9ro2k9n1j
spec:
  projectRef:
    external: cli-test-project
  testKey: this value verifies I was created by the mock client
---
apiVersion: kms.cnrm.cloud.google.com/v1beta1
kind: KMSKeyRing
metadata:
  annotations:
    cnrm.cloud.google.com/project-id: cli-test-project
  name: key-ring-4dln90vis0b1c6f1jja9
spec:
  location: us-central1
  testKey: this value verifies I was created by the mock client
---
apiVersion: compute.cnrm.cloud.google.com/v1beta1
kind: ComputeAddress
metadata:
  annotations:
    cnrm.cloud.google.com/project-id: cli-test-project
  name: computeaddress-1j26msq4eebfv63n6sil
spec:
  location: us-central1
  testKey: this value verifies I was created by the mock client
---
apiVersion: sql.cnrm.cloud.google.com/v1beta1
kind: SQLInstance
metadata:
  annotations:
    cnrm.cloud.google.com/project-id: cli-test-project
  name: sqluser-dep-7olc12tp9tdancsggr6s
spec:
  testKey: this value verifies I was created by the mock client
---
apiVersion: compute.cnrm.cloud.google.com/v1beta1
kind: ComputeAddress
metadata:
  annotations:
    cnrm.cloud.google.com/project-id: cli-test-project
  name: computeaddress-asdbgmb8o9mo6s075qp3
spec:
  location: us-central1
  testKey: this value verifies I was created by the mock client
---
apiVersion: compute.cnrm.cloud.google.com/v1beta1
kind: ComputeBackendService
metadata:
  annotations:
    cnrm.cloud.google.com/project-id: cli-test-project
  name: computebackendservice-8034p172pirpg3bg31te
spec:
  location: global
  testKey: this value verifies I was created by the mock client
---
apiVersion: sql.cnrm.cloud.google.com/v1beta1
kind: SQLInstance
metadata:
  annotations:
    cnrm.cloud.google.com/project-id: cli-test-project
  name: sqlinstance-sample-iocjd2jpebp9brf46rob
spec:
  testKey: this value verifies I was created by the mock client
---
apiVersion: compute.cnrm.cloud.google.com/v1beta1
kind: ComputeDisk
metadata:
  name: computedisk-39kl1g908j6npdp7pa9f
spec:
  location: us-central1-a
  projectRef:
    external: cli-test-project
  testKey: this value verifies I was created by the mock client
---
apiVersion: compute.cnrm.cloud.google.com/v1beta1
kind: ComputeDisk
metadata:
  name: computedisk-hiiupq1q4ujch81bj4g9
spec:
  location: us-central1-a
  projectRef:
    external: cli-test-project
  testKey: this value verifies I was created by the mock client
---
apiVersion: compute.cnrm.cloud.google.com/v1beta1
kind: ComputeForwardingRule
metadata:
  annotations:
    cnrm.cloud.google.com/project-id: cli-test-project
  name: computeforwardingrule1-1j26msq4eebfv63n6sil
spec:
  location: us-central1
  testKey: this value verifies I was created by the mock client
---
apiVersion: compute.cnrm.cloud.google.com/v1beta1
kind: ComputeForwardingRule
metadata:
  annotations:
    cnrm.cloud.google.com/project-id: cli-test-project
  name: computeglobalforwardingrule-8034p172pirpg3bg31te
spec:
  location: global
  testKey: this value verifies I was created by the mock client
---
apiVersion: compute.cnrm.cloud.google.com/v1beta1
kind: ComputeHTTPSHealthCheck
metadata:
  annotations:
    cnrm.cloud.google.com/project-id: cli-test-project
  name: computehttpshealthcheck-a47jlrshb6gd936e4ldp
spec:
  testKey: this value verifies I was created by the mock client
---
apiVersion: compute.cnrm.cloud.google.com/v1beta1
kind: ComputeRouter
metadata:
  annotations:
    cnrm.cloud.google.com/project-id: cli-test-project
  name: computerouter-79c4r73mpsdshkj36euu
spec:
  region: us-west2
  testKey: this value verifies I was created by the mock client
---
apiVersion: compute.cnrm.cloud.google.com/v1beta1
kind: ComputeNetwork
metadata:
  annotations:
    cnrm.cloud.google.com/project-id: cli-test-project
  name: computenetwork-f1r6mrivuob8ir3e0ddn
spec:
  testKey: this value verifies I was created by the mock client
---
apiVersion: compute.cnrm.cloud.google.com/v1beta1
kind: ComputeSubnetwork
metadata:
  annotations:
    cnrm.cloud.google.com/project-id: cli-test-project
  name: computenetwork-5c4l43579mb0sbvi5pn9
spec:
  region: northamerica-northeast1
  testKey: this value verifies I was created by the mock client
---
apiVersion: compute.cnrm.cloud.google.com/v1beta1
kind: ComputeSubnetwork
metadata:
  annotations:
    cnrm.cloud.google.com/project-id: cli-test-project
  name: computenetwork-5c4l43579mb0sbvi5pn9
spec:
  region: southamerica-east1
  testKey: this value verifies I was created by the mock client
---
apiVersion: compute.cnrm.cloud.google.com/v1beta1
kind: ComputeSubnetwork
metadata:
  annotations:
    cnrm.cloud.google.com/project-id: cli-test-project
  name: default
spec:
  region: northamerica-northeast1
  testKey: this value verifies I was created by the mock client
---
apiVersion: storage.cnrm.cloud.google.com/v1beta1
kind: StorageBucket
metadata:
  annotations:
    cnrm.cloud.google.com/force-destroy: "false"
    cnrm.cloud.google.com/project-id: project-id-1
  name: storagebucket-sample-696uso65hngc4js48ic9
spec:
  testKey: this value verifies I was created by the mock client
...