apiVersion: sql.cnrm.cloud.google.com/v1beta1
kind: SQLInstance
metadata:
  annotations:
    cnrm.cloud.google.com/management-conflict-prevention-policy: none
    cnrm.cloud.google.com/mutable-but-unreadable-fields: '{"spec":{"rootPassword":{"value":"1234"}}}'
    cnrm.cloud.google.com/observed-secret-versions: (removed)
    cnrm.cloud.google.com/project-id: ${projectId}
    cnrm.cloud.google.com/state-into-spec: merge
  finalizers:
  - cnrm.cloud.google.com/finalizer
  - cnrm.cloud.google.com/deletion-defender
  generation: 2
  labels:
    cnrm-test: "true"
    label-one: value-one
    newkey: newval
  name: sqlinstance-sample-${uniqueId}
  namespace: ${uniqueId}
spec:
  databaseVersion: SQLSERVER_2017_EXPRESS
  instanceType: SQL_INSTANCE_TYPE_UNSPECIFIED
  maintenanceVersion: SQLSERVER_2017_EXPRESS_CU31_GDR.R20231029.00_02
  region: us-central1
  resourceID: sqlinstance-sample-${uniqueId}
  rootPassword:
    value: "1234"
  settings:
    activationPolicy: ALWAYS
    availabilityType: ZONAL
    backupConfiguration:
      backupRetentionSettings:
        retainedBackups: 7
        retentionUnit: COUNT
      startTime: "21:00"
      transactionLogRetentionDays: 7
    connectorEnforcement: NOT_REQUIRED
    diskAutoresize: true
    diskAutoresizeLimit: 0
    diskSize: 10
    diskType: PD_SSD
    edition: ENTERPRISE
    ipConfiguration:
      ipv4Enabled: true
    locationPreference:
      zone: us-central1-c
    pricingPlan: PER_USE
    sqlServerAuditConfig:
      bucketRef:
        name: storagebucket-${uniqueId}
    tier: db-custom-1-3840
status:
  conditions:
  - lastTransitionTime: "1970-01-01T00:00:00Z"
    message: The resource is up to date
    reason: UpToDate
    status: "True"
    type: Ready
  connectionName: ${projectId}:us-central1:sqlinstance-sample-${uniqueId}
  firstIpAddress: 10.10.10.10
  instanceType: SQL_INSTANCE_TYPE_UNSPECIFIED
  ipAddress: 10.1.2.3
  observedGeneration: 2
  publicIpAddress: 10.10.10.10
  selfLink: https://sqladmin.googleapis.com/sql/v1beta4/projects/${projectId}/instances/sqlinstance-sample-${uniqueId}
  serverCaCert:
    cert: |
      -----BEGIN CERTIFICATE-----
      -----END CERTIFICATE-----
    commonName: common-name
    createTime: "1970-01-01T00:00:00Z"
    expirationTime: "1970-01-01T00:00:00Z"
    sha1Fingerprint: "12345678"
  serviceAccountEmailAddress: p${projectNumber}-abcdef@gcp-sa-cloud-sql.iam.gserviceaccount.com
