apiVersion: serviceusage.cnrm.cloud.google.com/v1beta1
kind: ServiceIdentity
metadata:
  annotations:
    cnrm.cloud.google.com/management-conflict-prevention-policy: none
    cnrm.cloud.google.com/state-into-spec: merge
  finalizers:
  - cnrm.cloud.google.com/finalizer
  - cnrm.cloud.google.com/deletion-defender
  generation: 2
  labels:
    cnrm-test: "true"
  name: pubsub.googleapis.com
  namespace: ${uniqueId}
spec:
  projectRef:
    external: ${projectId}
  resourceID: pubsub.googleapis.com
status:
  conditions:
  - lastTransitionTime: "1970-01-01T00:00:00Z"
    message: The resource is up to date
    reason: UpToDate
    status: "True"
    type: Ready
  email: service-${projectNumber}@gcp-sa-pubsub.iam.gserviceaccount.com
  observedGeneration: 2
